[  0.0s] 실행 20261008-131136 · 과제 transfer · 최종 시도 2
[  0.0s] 선택지 무리 (최종 검사의 choice_groups_original): acc-num, num, pick-bank, pw, quick
[  0.1s] server: started http.server on 127.0.0.1:59612 (빈 포트, pid 170520)
[  3.6s] 원본 걷기 - 걸음 9 · 끝까지 (3.1초)
[  4.6s] 그림 1/15 visit:home - 요소 26개 · 390x2463
[  5.7s] 그림 2/15 visit:recipient - 요소 10개 · 390x999
[  6.8s] 그림 3/15 visit:account - 요소 17개 · 390x894
[  8.3s] 그림 4/15 visit:bank - 요소 42개 · 390x2862
[  9.8s] 그림 5/15 visit:account#2 - 요소 17개 · 390x894
[ 11.4s] 그림 6/15 visit:amount - 요소 21개 · 390x1171
[ 13.2s] 그림 7/15 visit:confirm - 요소 7개 · 390x1300
[ 15.0s] 그림 8/15 visit:password - 요소 15개 · 390x919
[ 17.5s] 그림 9/15 visit:done - 요소 4개 · 390x844
[ 19.0s] 그림 10/15 error:wrong-account - 요소 18개 · 390x1077
[ 21.0s] 그림 11/15 error:wrong-bank - 요소 42개 · 390x3009
[ 22.8s] 그림 12/15 reveal:pick-bank - 요소 42개 · 390x2862
[ 24.0s] 그림 13/15 reveal:oos-easy-home - 요소 29개 · 390x2631
[ 25.2s] 그림 14/15 reveal:oos-home-setting - 요소 29개 · 390x2631
[ 26.4s] 그림 15/15 reveal:oos-hide-amount - 요소 29개 · 390x2631
[ 33.3s] 누르기 20/188
[ 38.0s] 누르기 40/188
[ 44.7s] 누르기 60/188
[ 51.8s] 누르기 80/188
[ 57.9s] 누르기 100/188
[ 63.7s] 누르기 120/188
[ 69.7s] 누르기 140/188
[ 75.6s] 누르기 160/188
[ 81.3s] 누르기 180/188
[ 83.7s] 누르기 188/188
[ 83.9s] 장 15 (본 장 8) · 항목 188 · 누르기 188번 · 그림 22.8초 · 누르기 57.3초
[ 84.1s] 영역 묶기 첫 호출: gpt-6.1-sol 에 보낸다 (그림 15장 · 그림 토큰 어림 13375 · 글 토큰 어림 9229)
[156.8s] 영역 묶기 첫 답: 토큰 {'prompt': 22584, 'completion': 5652, 'reasoning': 116} · 예상 $0.1017 · 문제 0건
[156.9s] index.html · storyboard.json 을 썼다
[161.4s] storyboard.pdf 를 썼다 (Chromium 인쇄)
[161.4s] server: 띄운 서버를 껐다 (pid 170520)
[161.4s] 끝 (161.4초) - C:\Users\xihye\senior-ui-pipeline\outputs\restructure_auto\20261008-131136\storyboard
